python : Creating test database for alias 'default' 
('file:memorydb_default?mode=memory&cache=shared')...
At line:1 char:1
+ python manage.py test taremwa.tests_idor -v 2 > test_output.txt 2>&1
+ ~~~~~~~~~~~~~~~~~~~~~~~~~~~~~~~~~~~~~~~~~~~~~~~~~~~~~~~~~~~~~~~~~~~~
    + CategoryInfo          : NotSpecified: (Creating test d...che=shared')... 
   :String) [], RemoteException
    + FullyQualifiedErrorId : NativeCommandError
 

Found 31 test(s).
Operations to perform:
  Synchronize unmigrated apps: messages, staticfiles
  Apply all migrations: admin, auth, contenttypes, sessions, taremwa
Synchronizing apps without migrations:
  Creating tables...
    Running deferred SQL...
Running migrations:
  Applying contenttypes.0001_initial... OK
  Applying auth.0001_initial... OK
  Applying admin.0001_initial... OK
  Applying admin.0002_logentry_remove_auto_add... OK
  Applying admin.0003_logentry_add_action_flag_choices... OK
  Applying contenttypes.0002_remove_content_type_name... OK
  Applying auth.0002_alter_permission_name_max_length... OK
  Applying auth.0003_alter_user_email_max_length... OK
  Applying auth.0004_alter_user_username_opts... OK
  Applying auth.0005_alter_user_last_login_null... OK
  Applying auth.0006_require_contenttypes_0002... OK
  Applying auth.0007_alter_validators_add_error_messages... OK
  Applying auth.0008_alter_user_username_max_length... OK
  Applying auth.0009_alter_user_last_name_max_length... OK
  Applying auth.0010_alter_group_name_max_length... OK
  Applying auth.0011_update_proxy_permissions... OK
  Applying auth.0012_alter_user_first_name_max_length... OK
  Applying sessions.0001_initial... OK
test_get_deletable_user_admin_can_delete_anyone (taremwa.tests_idor.IDORAuthori
zationFunctionTests.test_get_deletable_user_admin_can_delete_anyone)
Test admin can delete any user ... ok
test_get_deletable_user_denies_regular_user (taremwa.tests_idor.IDORAuthorizati
onFunctionTests.test_get_deletable_user_denies_regular_user)
Test get_deletable_user denies regular users from deleting ... ok
test_get_deletable_user_denies_self_deletion (taremwa.tests_idor.IDORAuthorizat
ionFunctionTests.test_get_deletable_user_denies_self_deletion)
Test get_deletable_user prevents self-deletion ... ok
test_get_deletable_user_staff_can_delete_regular_user (taremwa.tests_idor.IDORA
uthorizationFunctionTests.test_get_deletable_user_staff_can_delete_regular_user
)
Test staff can delete regular users ... ok
test_get_deletable_user_staff_cannot_delete_staff (taremwa.tests_idor.IDORAutho
rizationFunctionTests.test_get_deletable_user_staff_cannot_delete_staff)
Test staff cannot delete other staff members ... ok
test_get_editable_user_allows_own_access (taremwa.tests_idor.IDORAuthorizationF
unctionTests.test_get_editable_user_allows_own_access)
